// Jest Snapshot v1, https://goo.gl/fbAQLP

exports[`deletePost 1`] = `
Object {
  "type": "DELETE_POST",
}
`;
